
> inkraft@0.1.0 build
> next build

▲ Next.js 16.1.6 (Turbopack)
- Environments: .env.local

⚠ The "middleware" file convention is deprecated. Please use "proxy" instead. Learn more: https://nextjs.org/docs/messages/middleware-to-proxy
  Creating an optimized production build ...
✓ Compiled successfully in 23.2s
  Running TypeScript ...
  Collecting page data using 3 workers ...
(node:3952) [MONGOOSE] Warning: Duplicate schema index on {"user":1} found. This is often due to declaring an index using both "index: true" and "schema.index()". Please remove the duplicate index definition.
(Use `node --trace-warnings ...` to show where the warning was created)
(node:2952) [MONGOOSE] Warning: Duplicate schema index on {"user":1} found. This is often due to declaring an index using both "index: true" and "schema.index()". Please remove the duplicate index definition.
(Use `node --trace-warnings ...` to show where the warning was created)
  Generating static pages using 3 workers (0/22) ...
  Generating static pages using 3 workers (5/22) 
(node:3952) [MONGOOSE] Warning: Duplicate schema index on {"user":1} found. This is often due to declaring an index using both "index: true" and "schema.index()". Please remove the duplicate index definition.
  Generating static pages using 3 workers (10/22) 
  Generating static pages using 3 workers (16/22) 
Error occurred prerendering page "/settings". Read more: https://nextjs.org/docs/messages/prerender-error
TypeError: Cannot destructure property 'data' of '(intermediate value)(...)' as it is undefined.
    at l (D:\Antigravity_Work\blogging\.next\server\chunks\ssr\app_settings_page_tsx_e11d1352._.js:1:815) {
  digest: '3173352135'
}
Export encountered an error on /settings/page: /settings, exiting the build.
⨯ Next.js build worker exited with code: 1 and signal: null
